python : Traceback (most recent call last):
At line:1 char:1
+ python sports_bot.py --test-market "Lakers" > test_output.txt 2>&1 ;& ...
+ ~~~~~~~~~~~~~~~~~~~~~~~~~~~~~~~~~~~~~~~~~~~~~~~~~~~~~~~~~~~~~~~~~~
    + CategoryInfo          : NotSpecified: (Traceback (most recent call last) 
   ::String) [], RemoteException
    + FullyQualifiedErrorId : NativeCommandError
 
  File "D:\btcupdownclaudebot\sports_bot.py", line 1203, in <module>
    main()
  File "D:\btcupdownclaudebot\sports_bot.py", line 1164, in main
    cp(f"\n{C.BG_BLU}{C.BWHT}{C.B}"
  File "D:\btcupdownclaudebot\sports_bot.py", line 106, in cp
    def cp(msg): print(msg + C.R)
  File "C:\Users\Naquib\AppData\Local\Programs\Python\Python310\lib\encodings\c
p1252.py", line 19, in encode
    return codecs.charmap_encode(input,self.errors,encoding_table)[0]
UnicodeEncodeError: 'charmap' codec can't encode character '\U0001f3c6' in 
position 18: character maps to <undefined>
